
=== RAW DATA (HEAD) ===
   Unnamed: 0  fixed acidity  volatile acidity  citric acid  residual sugar  chlorides  ...    pH  sulphates  alcohol  quality  color  high_quality
0           0            7.4              0.70         0.00             1.9      0.076  ...  3.51       0.56      9.4        5    red             0
1           1            7.8              0.88         0.00             2.6      0.098  ...  3.20       0.68      9.8        5    red             0
2           2            7.8              0.76         0.04             2.3      0.092  ...  3.26       0.65      9.8        5    red             0
3           3           11.2              0.28         0.56             1.9      0.075  ...  3.16       0.58      9.8        6    red             1
4           4            7.4              0.70         0.00             1.9      0.076  ...  3.51       0.56      9.4        5    red             0

[5 rows x 15 columns]

=== RAW INFO ===
<class 'pandas.DataFrame'>
RangeIndex: 6497 entries, 0 to 6496
Data columns (total 15 columns):
 #   Column                Non-Null Count  Dtype  
---  ------                --------------  -----  
 0   Unnamed: 0            6497 non-null   int64  
 1   fixed acidity         6497 non-null   float64
 2   volatile acidity      6497 non-null   float64
 3   citric acid           6497 non-null   float64
 4   residual sugar        6497 non-null   float64
 5   chlorides             6497 non-null   float64
 6   free sulfur dioxide   6497 non-null   float64
 7   total sulfur dioxide  6497 non-null   float64
 8   density               6497 non-null   float64
 9   pH                    6497 non-null   float64
 10  sulphates             6497 non-null   float64
 11  alcohol               6497 non-null   float64
 12  quality               6497 non-null   int64  
 13  color                 6497 non-null   str    
 14  high_quality          6497 non-null   int64  
dtypes: float64(11), int64(3), str(1)
memory usage: 761.5 KB


=== RAW DESCRIBE ===
        Unnamed: 0  fixed acidity  volatile acidity  citric acid  residual sugar  ...           pH    sulphates      alcohol      quality  high_quality
count  6497.000000    6497.000000       6497.000000  6497.000000     6497.000000  ...  6497.000000  6497.000000  6497.000000  6497.000000   6497.000000
mean   2042.535632       7.215307          0.339666     0.318633        5.443235  ...     3.218501     0.531268    10.491801     5.818378      0.633061
std    1436.926393       1.296434          0.164636     0.145318        4.757804  ...     0.160787     0.148806     1.192712     0.873255      0.482007
min       0.000000       3.800000          0.080000     0.000000        0.600000  ...     2.720000     0.220000     8.000000     3.000000      0.000000
25%     812.000000       6.400000          0.230000     0.250000        1.800000  ...     3.110000     0.430000     9.500000     5.000000      0.000000
50%    1649.000000       7.000000          0.290000     0.310000        3.000000  ...     3.210000     0.510000    10.300000     6.000000      1.000000
75%    3273.000000       7.700000          0.400000     0.390000        8.100000  ...     3.320000     0.600000    11.300000     6.000000      1.000000
max    4897.000000      15.900000          1.580000     1.660000       65.800000  ...     4.010000     2.000000    14.900000     9.000000      1.000000

[8 rows x 14 columns]
