=== RESULTS (Decision Tree, depth=2) ===
Accuracy: 0.714

CONFUSION MATRIX:
[[741  92]
 [289 208]]

CLASSIFICATION REPORT:
              precision    recall  f1-score   support

        high       0.72      0.89      0.80       833
    ordinary       0.69      0.42      0.52       497

    accuracy                           0.71      1330
   macro avg       0.71      0.65      0.66      1330
weighted avg       0.71      0.71      0.69      1330


=== RESULTS (Decision Tree, depth=3) ===
Accuracy: 0.724

CONFUSION MATRIX:
[[688 145]
 [222 275]]

CLASSIFICATION REPORT:
              precision    recall  f1-score   support

        high       0.76      0.83      0.79       833
    ordinary       0.65      0.55      0.60       497

    accuracy                           0.72      1330
   macro avg       0.71      0.69      0.69      1330
weighted avg       0.72      0.72      0.72      1330


=== RESULTS (Decision Tree, depth=4) ===
Accuracy: 0.704

CONFUSION MATRIX:
[[669 164]
 [230 267]]

CLASSIFICATION REPORT:
              precision    recall  f1-score   support

        high       0.74      0.80      0.77       833
    ordinary       0.62      0.54      0.58       497

    accuracy                           0.70      1330
   macro avg       0.68      0.67      0.67      1330
weighted avg       0.70      0.70      0.70      1330


=== RESULTS (Decision Tree, depth=5) ===
Accuracy: 0.740

CONFUSION MATRIX:
[[712 121]
 [225 272]]

CLASSIFICATION REPORT:
              precision    recall  f1-score   support

        high       0.76      0.85      0.80       833
    ordinary       0.69      0.55      0.61       497

    accuracy                           0.74      1330
   macro avg       0.73      0.70      0.71      1330
weighted avg       0.73      0.74      0.73      1330


=== RESULTS (Decision Tree, depth=6) ===
Accuracy: 0.718

CONFUSION MATRIX:
[[657 176]
 [199 298]]

CLASSIFICATION REPORT:
              precision    recall  f1-score   support

        high       0.77      0.79      0.78       833
    ordinary       0.63      0.60      0.61       497

    accuracy                           0.72      1330
   macro avg       0.70      0.69      0.70      1330
weighted avg       0.72      0.72      0.72      1330


=== RESULTS (Decision Tree, depth=7) ===
Accuracy: 0.730

CONFUSION MATRIX:
[[680 153]
 [206 291]]

CLASSIFICATION REPORT:
              precision    recall  f1-score   support

        high       0.77      0.82      0.79       833
    ordinary       0.66      0.59      0.62       497

    accuracy                           0.73      1330
   macro avg       0.71      0.70      0.70      1330
weighted avg       0.73      0.73      0.73      1330


=== RESULTS (Decision Tree, depth=8) ===
Accuracy: 0.712

CONFUSION MATRIX:
[[667 166]
 [217 280]]

CLASSIFICATION REPORT:
              precision    recall  f1-score   support

        high       0.75      0.80      0.78       833
    ordinary       0.63      0.56      0.59       497

    accuracy                           0.71      1330
   macro avg       0.69      0.68      0.69      1330
weighted avg       0.71      0.71      0.71      1330


=== RESULTS (Decision Tree, depth=None) ===
Accuracy: 0.677

CONFUSION MATRIX:
[[643 190]
 [239 258]]

CLASSIFICATION REPORT:
              precision    recall  f1-score   support

        high       0.73      0.77      0.75       833
    ordinary       0.58      0.52      0.55       497

    accuracy                           0.68      1330
   macro avg       0.65      0.65      0.65      1330
weighted avg       0.67      0.68      0.67      1330
