=== RESULTS (Decision Tree, depth=2) ===
Accuracy: 0.698

CONFUSION MATRIX:
[[  0   1  37]
 [  0 230 267]
 [  0  96 699]]

CLASSIFICATION REPORT:
e:\_PROG_STUDIES\ITHS\Phyton4AI\wine-data\.venv\Lib\site-packages\sklearn\metrics\_classification.py:1833: UndefinedMetricWarning: Precision is ill-defined and being set to 0.0 in labels with no predicted samples. Use `zero_division` parameter to control this behavior.
  _warn_prf(average, modifier, f"{metric.capitalize()} is", result.shape[0])
e:\_PROG_STUDIES\ITHS\Phyton4AI\wine-data\.venv\Lib\site-packages\sklearn\metrics\_classification.py:1833: UndefinedMetricWarning: Precision is ill-defined and being set to 0.0 in labels with no predicted samples. Use `zero_division` parameter to control this behavior.
  _warn_prf(average, modifier, f"{metric.capitalize()} is", result.shape[0])
e:\_PROG_STUDIES\ITHS\Phyton4AI\wine-data\.venv\Lib\site-packages\sklearn\metrics\_classification.py:1833: UndefinedMetricWarning: Precision is ill-defined and being set to 0.0 in labels with no predicted samples. Use `zero_division` parameter to control this behavior.
  _warn_prf(average, modifier, f"{metric.capitalize()} is", result.shape[0])
              precision    recall  f1-score   support

        high       0.00      0.00      0.00        38
         low       0.70      0.46      0.56       497
      medium       0.70      0.88      0.78       795

    accuracy                           0.70      1330
   macro avg       0.47      0.45      0.45      1330
weighted avg       0.68      0.70      0.67      1330


=== RESULTS (Decision Tree, depth=3) ===
Accuracy: 0.698

CONFUSION MATRIX:
[[  1   1  36]
 [  0 230 267]
 [  1  96 698]]

CLASSIFICATION REPORT:
              precision    recall  f1-score   support

        high       0.50      0.03      0.05        38
         low       0.70      0.46      0.56       497
      medium       0.70      0.88      0.78       795

    accuracy                           0.70      1330
   macro avg       0.63      0.46      0.46      1330
weighted avg       0.69      0.70      0.67      1330


=== RESULTS (Decision Tree, depth=4) ===
Accuracy: 0.702

CONFUSION MATRIX:
[[  1   4  33]
 [  0 249 248]
 [  1 111 683]]

CLASSIFICATION REPORT:
              precision    recall  f1-score   support

        high       0.50      0.03      0.05        38
         low       0.68      0.50      0.58       497
      medium       0.71      0.86      0.78       795

    accuracy                           0.70      1330
   macro avg       0.63      0.46      0.47      1330
weighted avg       0.69      0.70      0.68      1330


=== RESULTS (Decision Tree, depth=5) ===
Accuracy: 0.698

CONFUSION MATRIX:
[[  1   0  37]
 [  0 233 264]
 [  1  99 695]]

CLASSIFICATION REPORT:
              precision    recall  f1-score   support

        high       0.50      0.03      0.05        38
         low       0.70      0.47      0.56       497
      medium       0.70      0.87      0.78       795

    accuracy                           0.70      1330
   macro avg       0.63      0.46      0.46      1330
weighted avg       0.69      0.70      0.68      1330


=== RESULTS (Decision Tree, depth=6) ===
Accuracy: 0.722

CONFUSION MATRIX:
[[  0   2  36]
 [  0 293 204]
 [  1 127 667]]

CLASSIFICATION REPORT:
              precision    recall  f1-score   support

        high       0.00      0.00      0.00        38
         low       0.69      0.59      0.64       497
      medium       0.74      0.84      0.78       795

    accuracy                           0.72      1330
   macro avg       0.48      0.48      0.47      1330
weighted avg       0.70      0.72      0.71      1330


=== RESULTS (Decision Tree, depth=7) ===
Accuracy: 0.715

CONFUSION MATRIX:
[[  1   2  35]
 [  0 276 221]
 [  1 120 674]]

CLASSIFICATION REPORT:
              precision    recall  f1-score   support

        high       0.50      0.03      0.05        38
         low       0.69      0.56      0.62       497
      medium       0.72      0.85      0.78       795

    accuracy                           0.72      1330
   macro avg       0.64      0.48      0.48      1330
weighted avg       0.71      0.72      0.70      1330


=== RESULTS (Decision Tree, depth=8) ===
Accuracy: 0.718

CONFUSION MATRIX:
[[  2   3  33]
 [  1 291 205]
 [ 10 123 662]]

CLASSIFICATION REPORT:
              precision    recall  f1-score   support

        high       0.15      0.05      0.08        38
         low       0.70      0.59      0.64       497
      medium       0.74      0.83      0.78       795

    accuracy                           0.72      1330
   macro avg       0.53      0.49      0.50      1330
weighted avg       0.70      0.72      0.71      1330


=== RESULTS (Decision Tree, depth=None) ===
Accuracy: 0.646

CONFUSION MATRIX:
[[  6   5  27]
 [  3 299 195]
 [ 48 193 554]]

CLASSIFICATION REPORT:
              precision    recall  f1-score   support

        high       0.11      0.16      0.13        38
         low       0.60      0.60      0.60       497
      medium       0.71      0.70      0.71       795

    accuracy                           0.65      1330
   macro avg       0.47      0.49      0.48      1330
weighted avg       0.65      0.65      0.65      1330


(.venv) E:\_PROG_STUDIES\ITHS\Phyton4AI\wine-data>